// Jest Snapshot v1, https://goo.gl/fbAQLP

exports[`expect to render Agent page 1`] = `[Function]`;
