// Jest Snapshot v1, https://goo.gl/fbAQLP

exports[`expect to render House page 1`] = `[Function]`;
